// Jest Snapshot v1, https://goo.gl/fbAQLP

exports[`Modal Page Sanpshot 1`] = `
<div>
  <div
    class="cmm-modal-wrapper css-7jraf2"
  >
    <div
      class="cmm-modal-item css-1dgb740"
    >
      <div
        class="cmm-modal-close-wrapper css-1d7mo96"
      >
        <button
          class="cmm-modal-close-button css-el5ojm"
        >
          <img
            class="cmm-unit-image cmm-modal-close-img css-msby2z"
            src="https://iconmonstr.com/wp-content/g/gd/makefg.php?i=../releases/preview/7.2.0/png/iconmonstr-x-mark-lined.png&r=0&g=0&b=0"
          />
        </button>
      </div>
      <div
        class="cmm-modal-contents-wrapper css-d4a1oh"
      >
        <div
          class="cmm-modal-content css-3o9g8b"
        />
      </div>
    </div>
  </div>
</div>
`;
